// Jest Snapshot v1, https://goo.gl/fbAQLP

exports[`utils/toArray() should match snapshot 1`] = `[Function]`;
