// Jest Snapshot v1, https://goo.gl/fbAQLP

exports[`mapper should match snapshot 1`] = `[Function]`;
