// Jest Snapshot v1, https://goo.gl/fbAQLP

exports[`map() should match snapshot 1`] = `[Function]`;
